
> cyber-taoist-observatory@0.3.0 test
> node --test tests/*.test.mjs

TAP version 13
# Subtest: incident: first reported R evidence passes as two real quotes
ok 1 - incident: first reported R evidence passes as two real quotes
  ---
  duration_ms: 1.985985
  type: 'test'
  ...
# Subtest: incident: second S evidence supports fullwidth separator and only removable wrapper quotes
ok 2 - incident: second S evidence supports fullwidth separator and only removable wrapper quotes
  ---
  duration_ms: 0.356064
  type: 'test'
  ...
# Subtest: incident: second R evidence retains source quotation marks inside the first quote
ok 3 - incident: second R evidence retains source quotation marks inside the first quote
  ---
  duration_ms: 1.434792
  type: 'test'
  ...
# Subtest: incident: six cards validate and UNKNOWN explanations are not labeled as source quotes
ok 4 - incident: six cards validate and UNKNOWN explanations are not labeled as source quotes
  ---
  duration_ms: 0.608078
  type: 'test'
  ...
# Subtest: direct exact excerpt is preserved, even with semicolons and line breaks
ok 5 - direct exact excerpt is preserved, even with semicolons and line breaks
  ---
  duration_ms: 0.12652
  type: 'test'
  ...
# Subtest: composite evidence with an internal literal semicolon is not over-split
ok 6 - composite evidence with an internal literal semicolon is not over-split
  ---
  duration_ms: 0.411486
  type: 'test'
  ...
# Subtest: new evidence arrays map to exact UTF-16 offsets without combining fragments
ok 7 - new evidence arrays map to exact UTF-16 offsets without combining fragments
  ---
  duration_ms: 0.316939
  type: 'test'
  ...
# Subtest: multiple quote styles can be removed only around an exact source excerpt
ok 8 - multiple quote styles can be removed only around an exact source excerpt
  ---
  duration_ms: 0.218988
  type: 'test'
  ...
# Subtest: original quotation marks are preserved when the entire quoted text exists
ok 9 - original quotation marks are preserved when the entire quoted text exists
  ---
  duration_ms: 0.2636
  type: 'test'
  ...
# Subtest: CRLF, newlines and harmless edge whitespace are supported
ok 10 - CRLF, newlines and harmless edge whitespace are supported
  ---
  duration_ms: 0.354922
  type: 'test'
  ...
# Subtest: matching is case-sensitive and does not rewrite words or punctuation
ok 11 - matching is case-sensitive and does not rewrite words or punctuation
  ---
  duration_ms: 0.797329
  type: 'test'
  ...
# Subtest: one invented fragment rejects the entire claimed observed quote
ok 12 - one invented fragment rejects the entire claimed observed quote
  ---
  duration_ms: 0.168532
  type: 'test'
  ...
# Subtest: ellipsis joins are rejected rather than treated as source text
ok 13 - ellipsis joins are rejected rather than treated as source text
  ---
  duration_ms: 0.160224
  type: 'test'
  ...
# Subtest: quotation stripping cannot erase mismatched inner quotation marks
ok 14 - quotation stripping cannot erase mismatched inner quotation marks
  ---
  duration_ms: 0.087623
  type: 'test'
  ...
# Subtest: arrays reject empty pieces, nested objects and independently invented segments
ok 15 - arrays reject empty pieces, nested objects and independently invented segments
  ---
  duration_ms: 0.15202
  type: 'test'
  ...
# Subtest: empty evidence is allowed for uncertainty, never for OBSERVED
ok 16 - empty evidence is allowed for uncertainty, never for OBSERVED
  ---
  duration_ms: 0.208085
  type: 'test'
  ...
# Subtest: punctuation flood has a bounded validation cost
ok 17 - punctuation flood has a bounded validation cost
  ---
  duration_ms: 0.25756
  type: 'test'
  ...
# Subtest: all quote arrays have a strict size limit
ok 18 - all quote arrays have a strict size limit
  ---
  duration_ms: 0.102751
  type: 'test'
  ...
# Subtest: claiming Nature as directly OBSERVED remains forbidden
ok 19 - claiming Nature as directly OBSERVED remains forbidden
  ---
  duration_ms: 0.513811
  type: 'test'
  ...
# Subtest: insight evidence uses the same validator; forged fragments do not become hypotheses
ok 20 - insight evidence uses the same validator; forged fragments do not become hypotheses
  ---
  duration_ms: 0.232127
  type: 'test'
  ...
# Subtest: capabilities, real artwork MIME and static UI are served
ok 21 - capabilities, real artwork MIME and static UI are served
  ---
  duration_ms: 98.957689
  type: 'test'
  ...
# Subtest: GET never creates or advances an experiment
ok 22 - GET never creates or advances an experiment
  ---
  duration_ms: 44.314997
  type: 'test'
  ...
# Subtest: raw input is preserved byte-for-byte and generic baseline remains UNKNOWN
ok 23 - raw input is preserved byte-for-byte and generic baseline remains UNKNOWN
  ---
  duration_ms: 17.989674
  type: 'test'
  ...
# Subtest: demo: six mappings, five distinct hypotheses and stable idempotent reuse
ok 24 - demo: six mappings, five distinct hypotheses and stable idempotent reuse
  ---
  duration_ms: 27.111528
  type: 'test'
  ...
# Subtest: operator errors and empty observations never create phantom results
ok 25 - operator errors and empty observations never create phantom results
  ---
  duration_ms: 17.561126
  type: 'test'
  ...
# Subtest: human ratings are append-only, validated and separate from evidence
ok 26 - human ratings are append-only, validated and separate from evidence
  ---
  duration_ms: 23.347602
  type: 'test'
  ...
# Subtest: support and challenge evidence retains the original hypothesis and all feedback
ok 27 - support and challenge evidence retains the original hypothesis and all feedback
  ---
  duration_ms: 13.125101
  type: 'test'
  ...
# Subtest: branch copies observations, clears conclusions and snapshots real protocol text
ok 28 - branch copies observations, clears conclusions and snapshots real protocol text
  ---
  duration_ms: 13.228014
  type: 'test'
  ...
# Subtest: unknown protocol versions cannot be cosmetic labels
ok 29 - unknown protocol versions cannot be cosmetic labels
  ---
  duration_ms: 7.309709
  type: 'test'
  ...
# Subtest: serialized concurrent writes do not lose observations
ok 30 - serialized concurrent writes do not lose observations
  ---
  duration_ms: 29.961244
  type: 'test'
  ...
# Subtest: LLM disabled means explicit failure, not baseline fallback
ok 31 - LLM disabled means explicit failure, not baseline fallback
  ---
  duration_ms: 8.118183
  type: 'test'
  ...
# Subtest: real adapter contract: context injection, source quotes, trace, no secret leakage
ok 32 - real adapter contract: context injection, source quotes, trace, no secret leakage
  ---
  duration_ms: 22.257005
  type: 'test'
  ...
# Subtest: concurrent live map requests share existing results rather than double-calling
ok 33 - concurrent live map requests share existing results rather than double-calling
  ---
  duration_ms: 41.162106
  type: 'test'
  ...
# Subtest: malformed LLM JSON leaves an auditable failure without invented output
ok 34 - malformed LLM JSON leaves an auditable failure without invented output
  ---
  duration_ms: 10.602833
  type: 'test'
  ...
# Subtest: unsupported OBSERVED quotes are rejected instead of appearing as facts
ok 35 - unsupported OBSERVED quotes are rejected instead of appearing as facts
  ---
  duration_ms: 10.544571
  type: 'test'
  ...
# Subtest: SSE broadcasts the same run revision that REST returns
ok 36 - SSE broadcasts the same run revision that REST returns
  ---
  duration_ms: 12.90401
  type: 'test'
  ...
# Subtest: cross-origin mutations, unsafe hosts and unsupported content-types are rejected
ok 37 - cross-origin mutations, unsafe hosts and unsupported content-types are rejected
  ---
  duration_ms: 10.537898
  type: 'test'
  ...
# Subtest: older v0.1 runs load without rewriting original observations or history
ok 38 - older v0.1 runs load without rewriting original observations or history
  ---
  duration_ms: 4.488171
  type: 'test'
  ...
# Subtest: CLI is a real JSON client with nonzero errors and file export
ok 39 - CLI is a real JSON client with nonzero errors and file export
  ---
  duration_ms: 438.078233
  type: 'test'
  ...
# Subtest: JSON parser accepts fenced JSON but not prose with a hidden object
ok 40 - JSON parser accepts fenced JSON but not prose with a hidden object
  ---
  duration_ms: 0.425189
  type: 'test'
  ...
# Subtest: configuration: no forced reasoning or token settings by default
ok 41 - configuration: no forced reasoning or token settings by default
  ---
  duration_ms: 2.501249
  type: 'test'
  ...
# Subtest: configuration: >120s survives without silent clamping and per-stage overrides are distinct
ok 42 - configuration: >120s survives without silent clamping and per-stage overrides are distinct
  ---
  duration_ms: 0.315924
  type: 'test'
  ...
# Subtest: configuration: invalid values are rejected, never silently discarded
ok 43 - configuration: invalid values are rejected, never silently discarded
  ---
  duration_ms: 0.832076
  type: 'test'
  ...
# Subtest: configuration: default stage effort suppresses inherited effort deliberately
ok 44 - configuration: default stage effort suppresses inherited effort deliberately
  ---
  duration_ms: 0.253285
  type: 'test'
  ...
# Subtest: live mapping: reported semicolon evidence is accepted, quotes resolved and usage audited
ok 45 - live mapping: reported semicolon evidence is accepted, quotes resolved and usage audited
  ---
  duration_ms: 83.789076
  type: 'test'
  ...
# Subtest: new insight citations checked while mapping and successful prior cards survive later failure
ok 46 - new insight citations checked while mapping and successful prior cards survive later failure
  ---
  duration_ms: 53.485335
  type: 'test'
  ...
# Subtest: preflight failure for insight never invalidates the successful mapping trace in the same operation
ok 47 - preflight failure for insight never invalidates the successful mapping trace in the same operation
  ---
  duration_ms: 21.889159
  type: 'test'
  ...
# Subtest: recovery: old invalid trace restored without LLM, original trace unchanged, retries idempotent
ok 48 - recovery: old invalid trace restored without LLM, original trace unchanged, retries idempotent
  ---
  duration_ms: 11.625695
  type: 'test'
  ...
# Subtest: recovery: made-up evidence still rejected and historical invalid trace not rewritten
ok 49 - recovery: made-up evidence still rejected and historical invalid trace not rewritten
  ---
  duration_ms: 10.315468
  type: 'test'
  ...
# Subtest: recovery: source binding prevents attaching a valid answer to a different observation
ok 50 - recovery: source binding prevents attaching a valid answer to a different observation
  ---
  duration_ms: 11.694133
  type: 'test'
  ...
# Subtest: recovery: identical legacy observations need explicit disambiguation
ok 51 - recovery: identical legacy observations need explicit disambiguation
  ---
  duration_ms: 9.064921
  type: 'test'
  ...
# Subtest: recovery: existing mapping cannot be overwritten without explicit force
ok 52 - recovery: existing mapping cannot be overwritten without explicit force
  ---
  duration_ms: 11.997603
  type: 'test'
  ...
# Subtest: recovery: CLI executes local revalidation and exposes structured failures
ok 53 - recovery: CLI executes local revalidation and exposes structured failures
  ---
  duration_ms: 188.285342
  type: 'test'
  ...
# Subtest: recovery: stored insight can be validated without another call
ok 54 - recovery: stored insight can be validated without another call
  ---
  duration_ms: 16.486877
  type: 'test'
  ...
# Subtest: output token exhaustion is explicit even when returned JSON happens to parse
ok 55 - output token exhaustion is explicit even when returned JSON happens to parse
  ---
  duration_ms: 16.168041
  type: 'test'
  ...
# Subtest: reasoning-only or empty final content cannot masquerade as a usable answer
ok 56 - reasoning-only or empty final content cannot masquerade as a usable answer
  ---
  duration_ms: 20.807655
  type: 'test'
  ...
# Subtest: HTTP failure does not retry or discard configured reasoning parameters
ok 57 - HTTP failure does not retry or discard configured reasoning parameters
  ---
  duration_ms: 17.090514
  type: 'test'
  ...
# Subtest: actual deadline abort leaves a timeout receipt with no invented result and no retry
ok 58 - actual deadline abort leaves a timeout receipt with no invented result and no retry
  ---
  duration_ms: 1020.995096
  type: 'test'
  ...
# Subtest: GET and refresh of an old failed run never recover it or modify disk
ok 59 - GET and refresh of an old failed run never recover it or modify disk
  ---
  duration_ms: 10.449862
  type: 'test'
  ...
# Subtest: UI: empty URL opens home; legacy run URL still opens the table
ok 60 - UI: empty URL opens home; legacy run URL still opens the table
  ---
  duration_ms: 2.020402
  type: 'test'
  ...
# Subtest: UI: route input is allowlisted and arbitrary stages are rejected
ok 61 - UI: route input is allowlisted and arbitrary stages are rejected
  ---
  duration_ms: 0.20856
  type: 'test'
  ...
# Subtest: UI: read-only deep link retains run, observation, stage and selected lens
ok 62 - UI: read-only deep link retains run, observation, stage and selected lens
  ---
  duration_ms: 0.545544
  type: 'test'
  ...
# Subtest: UI: note deep link contains identity but never a model call command
ok 63 - UI: note deep link contains identity but never a model call command
  ---
  duration_ms: 0.524366
  type: 'test'
  ...
# Subtest: UI: stage gates allow inspection but do not fabricate uncreated results
ok 64 - UI: stage gates allow inspection but do not fabricate uncreated results
  ---
  duration_ms: 0.264697
  type: 'test'
  ...
# Subtest: UI: corrupt stage requests fall back to the last available stage
ok 65 - UI: corrupt stage requests fall back to the last available stage
  ---
  duration_ms: 0.126055
  type: 'test'
  ...
# Subtest: UI: journal filter uses the latest human rating without changing data
ok 66 - UI: journal filter uses the latest human rating without changing data
  ---
  duration_ms: 1.102725
  type: 'test'
  ...
# Subtest: UI: unrated notes are separate from known or challenged notes
ok 67 - UI: unrated notes are separate from known or challenged notes
  ---
  duration_ms: 0.214536
  type: 'test'
  ...
# Subtest: UI: note search covers the source title, alternative and text
ok 68 - UI: note search covers the source title, alternative and text
  ---
  duration_ms: 0.443704
  type: 'test'
  ...
# Subtest: UI: per-observation results never mix another source into the table
ok 69 - UI: per-observation results never mix another source into the table
  ---
  duration_ms: 0.394594
  type: 'test'
  ...
# Subtest: UI: searching and filtering do not mutate original order or feedback
ok 70 - UI: searching and filtering do not mutate original order or feedback
  ---
  duration_ms: 0.191291
  type: 'test'
  ...
1..70
# tests 70
# suites 0
# pass 70
# fail 0
# cancelled 0
# skipped 0
# todo 0
# duration_ms 1818.265897
